adaptive_decay
adaptive_slots
adaptive_target
agent
audit_log
batch_size
cache_idle_slots
cache_ram_mb
cache_reuse
cache_type
check_tensors
child_header_timeout_secs
child_transport
context_shift
control_vector_layer_range
control_vectors
control_vectors_scaled
cors_origins
cpu_ffn_n
cpu_moe_n
cpu_range
cpu_strict
ctx_checkpoints
ctx_extend
decode_policy
default_ctx
deterministic
devices
download_connections
embd_normalize
engine_asset
engine_check_secs
engine_env
engine_routing
fork_retire_days
host
idle_sleep_secs
idle_timeout_secs
image_max_tokens
image_min_tokens
keep_tokens
keys
kv_unified_per_slot
late_chunking_max_tokens
lazy_mode
load_mode
lora_init_without_apply
main_gpu
max_loaded_models
media_job_wait_secs
mistralrs
mmproj_auto
mmproj_device
mmproj_offload
model_overrides
mtmd_batch_max_tokens
ngram_min_hits
ngram_mod_n_match
ngram_mod_n_max
ngram_mod_n_min
ngram_size_m
ngram_size_n
no_host
no_kv_offload
numa
otlp_endpoint
otlp_service
override_kv
override_tensor
pii_scrub
poll
port
predictive_preload
prio
prio_batch
prompt_preflight
prompt_recipe
raw_lane_max_tokens
reasoning
reasoning_budget
reasoning_budget_message
reasoning_effort
reasoning_format
remotes
repack
reuse_port
router
router_max_models
rpc_servers
samplers
sdcpp_child_header_timeout_secs
sdcpp_flash_attention
sdcpp_rpc_servers
sdcpp_sage_attn
sdcpp_vae_tiling
semantic_cache
sentinel
sentinel_enforce
sentinel_stall_secs
session_bank
session_keep_secs
sessions
sglang
singleflight
slot_prompt_similarity
slots
spawn_mem_guard
spec
spec_autopull
spec_cache
spec_draft_backend_sampling
spec_draft_cpu_moe
spec_draft_cpu_range
spec_draft_cpu_strict
spec_draft_cpu_strict_batch
spec_draft_device
spec_draft_n_cpu_moe
spec_draft_ngl
spec_draft_override_tensor
spec_draft_prio
spec_draft_prio_batch
spec_draft_threads
spec_draft_threads_batch
spec_draft_type_k
spec_draft_type_v
split_mode
swa_full
tensor_preset
tensor_split
threads_batch
threads_http
tls_cert
tls_key
ubatch_size
update_channel
video_ffmpeg_dir
video_fps
video_timestamp_interval
warm_peg
warmup
whisper_idle_secs
yarn_attn_factor
yarn_beta_fast
yarn_beta_slow
yarn_ext_factor
yarn_orig_ctx