app currency
binary
ccache
chunking
config
cuda toolchain
disk
engine
engine binary
exposure
gpu driver
gpu vram
hardware
inventory mlx
keys
model types
models
port
routing
rpc fleet
sentinel
sglang fit
store
systemd unit
tempdir hygiene
versions llamacpp
versions mistralrs
versions mlx
versions piper
versions sdcpp
versions sglang