autopilot
bench
certify
classify
completions
config
connect
coreside
cp
create
doctor
drafts
engine
explain
fit
help
import
keys
launch
list
login
logout
lora
migrate
mmproj
model-doctor
plan
prune
ps
pull
push
quantize
replicate
rm
route
rpc
run
scorecard
search
serve
session
show
signin
signout
snapshot
stop
storage
tts
tune
upgrade
warm
watch
whisper
why